	GMHI
CD_1	-1.401135977350
CD_2	-1.431291372435
CD_3	-1.332060950765
CD_4	0.132302230140
CD_5	-0.858412534201
UC_1	-0.209219101341
UC_2	-2.453382797875
UC_3	-0.532925583580
UC_4	0.095034674078
UC_5	-0.861787356629
H_1	-0.501482556482
H_2	-0.032707070905
H_3	-0.319210663465
H_4	-0.117777880552
H_5	-0.028496441103
H_6	-0.743553467346
H_7	-0.025596334413
H_8	-0.297960782162
H_9	-0.022094191482
H_10	0.183879419178
